Nothing to build in platform 'InsertionSort_Platfrom'

21:39:52 **** Incremental Build of configuration Debug for project InsertionSortApplication ****
make all 
make --no-print-directory pre-build
a9-linaro-pre-build-step
' '
make --no-print-directory main-build
'Building file: ../src/insertionsort_vitis.c'
'Invoking: ARM v7 gcc compiler'
arm-none-eabi-gcc -Wall -O0 -g3 -c -fmessage-length=0 -MT"src/insertionsort_vitis.o" -mcpu=cortex-a9 -mfpu=vfpv3 -mfloat-abi=hard -IE:/USN_Education/VitisCode/InsertionSort/vitis/InsertionSort_Platfrom/export/InsertionSort_Platfrom/sw/InsertionSort_Platfrom/standalone_domain/bspinclude/include -MMD -MP -MF"src/insertionsort_vitis.d" -MT"src/insertionsort_vitis.o" -o "src/insertionsort_vitis.o" "../src/insertionsort_vitis.c"
'Finished building: ../src/insertionsort_vitis.c'
' '
'Building target: InsertionSortApplication.elf'
'Invoking: ARM v7 gcc linker'
arm-none-eabi-gcc -mcpu=cortex-a9 -mfpu=vfpv3 -mfloat-abi=hard -Wl,-build-id=none -specs=Xilinx.spec -Wl,-T -Wl,../src/lscript.ld -LE:/USN_Education/VitisCode/InsertionSort/vitis/InsertionSort_Platfrom/export/InsertionSort_Platfrom/sw/InsertionSort_Platfrom/standalone_domain/bsplib/lib -o "InsertionSortApplication.elf"  ./src/insertionsort_vitis.o ./src/platform.o   -Wl,--start-group,-lxil,-lgcc,-lc,--end-group
'Finished building target: InsertionSortApplication.elf'
' '
'Invoking: ARM v7 Print Size'
arm-none-eabi-size InsertionSortApplication.elf  |tee "InsertionSortApplication.elf.size"
   text	   data	    bss	    dec	    hex	filename
  22380	   1160	  22584	  46124	   b42c	InsertionSortApplication.elf
'Finished building: InsertionSortApplication.elf.size'
' '
21:39:53 **** Incremental Build of configuration Debug for project InsertionSortApplication_system ****
make all 
Generating bif file for the system project
generate_system_bif.bat 58683 E:/USN_Education/VitisCode/InsertionSort/vitis/InsertionSort_Platfrom/export/InsertionSort_Platfrom/InsertionSort_Platfrom.xpfm standalone_domain E:/USN_Education/VitisCode/InsertionSort/vitis/InsertionSortApplication_system/Debug/system.bif
sdcard_gen --xpfm E:/USN_Education/VitisCode/InsertionSort/vitis/InsertionSort_Platfrom/export/InsertionSort_Platfrom/InsertionSort_Platfrom.xpfm --sys_config InsertionSort_Platfrom --bif E:/USN_Education/VitisCode/InsertionSort/vitis/InsertionSortApplication_system/Debug/system.bif --bitstream E:/USN_Education/VitisCode/InsertionSort/vitis/InsertionSortApplication/_ide/bitstream/insertion_sort_wrapper.bit --elf E:/USN_Education/VitisCode/InsertionSort/vitis/InsertionSortApplication/Debug/InsertionSortApplication.elf,ps7_cortexa9_0
creating BOOT.BIN using E:/USN_Education/VitisCode/InsertionSort/vitis/InsertionSortApplication/_ide/bitstream/insertion_sort_wrapper.bit
Running D:/Software/Embeded/xilinx/Vitis/2022.2/bin/bootgen  -image E:/USN_Education/VitisCode/InsertionSort/vitis/InsertionSortApplication_system/Debug/sd_card_temp/boot.bif -w -o i BOOT.BIN
